// Jest Snapshot v1, https://goo.gl/fbAQLP

exports[`renders typeahead 1`] = `"<div></div>"`;
